Geometry: 5160 DOMs, KDTree built
Loading cached dataset: /mnt/scratch/baburish/doublepulse/gnn/Analysis/dataset_cache/dataset_3a7b931e3711.pt
Split data:  train: 47357  val: 8358
Device: cuda
Epoch   1 | Train: 1.0124 | Val: 0.8461 | AUC: 0.5510 | Best: 0.5510
Epoch   2 | Train: 0.8542 | Val: 0.8241 | AUC: 0.5838 | Best: 0.5838
Epoch   3 | Train: 0.8402 | Val: 0.8087 | AUC: 0.6018 | Best: 0.6018
Epoch   4 | Train: 0.8289 | Val: 0.8067 | AUC: 0.6075 | Best: 0.6075
Epoch   5 | Train: 0.8217 | Val: 0.7905 | AUC: 0.6600 | Best: 0.6600
Epoch   6 | Train: 0.8100 | Val: 0.7670 | AUC: 0.6988 | Best: 0.6988
Epoch   7 | Train: 0.8032 | Val: 0.7638 | AUC: 0.7080 | Best: 0.7080
Epoch   8 | Train: 0.7980 | Val: 0.7684 | AUC: 0.7093 | Best: 0.7093
Epoch   9 | Train: 0.7912 | Val: 0.7417 | AUC: 0.7299 | Best: 0.7299
Epoch  10 | Train: 0.7869 | Val: 0.7336 | AUC: 0.7419 | Best: 0.7419
Epoch  11 | Train: 0.7840 | Val: 0.7406 | AUC: 0.7461 | Best: 0.7461
Epoch  12 | Train: 0.7783 | Val: 0.7292 | AUC: 0.7481 | Best: 0.7481
Epoch  13 | Train: 0.7772 | Val: 0.7209 | AUC: 0.7533 | Best: 0.7533
Epoch  14 | Train: 0.7757 | Val: 0.7237 | AUC: 0.7501 | Best: 0.7533
Epoch  15 | Train: 0.7653 | Val: 0.7277 | AUC: 0.7481 | Best: 0.7533
Epoch  16 | Train: 0.7637 | Val: 0.7345 | AUC: 0.7447 | Best: 0.7533
Epoch  17 | Train: 0.7595 | Val: 0.7285 | AUC: 0.7524 | Best: 0.7533
Epoch  18 | Train: 0.7543 | Val: 0.7222 | AUC: 0.7526 | Best: 0.7533
Epoch  19 | Train: 0.7482 | Val: 0.7238 | AUC: 0.7583 | Best: 0.7583
Epoch  20 | Train: 0.7460 | Val: 0.7152 | AUC: 0.7569 | Best: 0.7583
Epoch  21 | Train: 0.7449 | Val: 0.7161 | AUC: 0.7621 | Best: 0.7621
Epoch  22 | Train: 0.7397 | Val: 0.7240 | AUC: 0.7575 | Best: 0.7621
Epoch  23 | Train: 0.7381 | Val: 0.7273 | AUC: 0.7539 | Best: 0.7621
Epoch  24 | Train: 0.7387 | Val: 0.7045 | AUC: 0.7677 | Best: 0.7677
Epoch  25 | Train: 0.7327 | Val: 0.6981 | AUC: 0.7716 | Best: 0.7716
Epoch  26 | Train: 0.7324 | Val: 0.6952 | AUC: 0.7787 | Best: 0.7787
Epoch  27 | Train: 0.7319 | Val: 0.6978 | AUC: 0.7728 | Best: 0.7787
Epoch  28 | Train: 0.7269 | Val: 0.6995 | AUC: 0.7711 | Best: 0.7787
Epoch  29 | Train: 0.7274 | Val: 0.6858 | AUC: 0.7804 | Best: 0.7804
Epoch  30 | Train: 0.7251 | Val: 0.6918 | AUC: 0.7778 | Best: 0.7804
Epoch  31 | Train: 0.7245 | Val: 0.6953 | AUC: 0.7792 | Best: 0.7804
Epoch  32 | Train: 0.7171 | Val: 0.6948 | AUC: 0.7662 | Best: 0.7804
Epoch  33 | Train: 0.7146 | Val: 0.6846 | AUC: 0.7830 | Best: 0.7830
Epoch  34 | Train: 0.7166 | Val: 0.6839 | AUC: 0.7852 | Best: 0.7852
Epoch  35 | Train: 0.7122 | Val: 0.6875 | AUC: 0.7810 | Best: 0.7852
Epoch  36 | Train: 0.7099 | Val: 0.7037 | AUC: 0.7767 | Best: 0.7852
Epoch  37 | Train: 0.7139 | Val: 0.6868 | AUC: 0.7833 | Best: 0.7852
Epoch  38 | Train: 0.7078 | Val: 0.6769 | AUC: 0.7849 | Best: 0.7852
Epoch  39 | Train: 0.7060 | Val: 0.6846 | AUC: 0.7857 | Best: 0.7857
Epoch  40 | Train: 0.7053 | Val: 0.6735 | AUC: 0.7863 | Best: 0.7863
Epoch  41 | Train: 0.7024 | Val: 0.7171 | AUC: 0.7667 | Best: 0.7863
Epoch  42 | Train: 0.6928 | Val: 0.6737 | AUC: 0.7846 | Best: 0.7863
Epoch  43 | Train: 0.6954 | Val: 0.7021 | AUC: 0.7781 | Best: 0.7863
Epoch  44 | Train: 0.6951 | Val: 0.6701 | AUC: 0.7881 | Best: 0.7881
Epoch  45 | Train: 0.6909 | Val: 0.6826 | AUC: 0.7782 | Best: 0.7881
Epoch  46 | Train: 0.6908 | Val: 0.6738 | AUC: 0.7842 | Best: 0.7881
Epoch  47 | Train: 0.6889 | Val: 0.6758 | AUC: 0.7837 | Best: 0.7881
Epoch  48 | Train: 0.6874 | Val: 0.6738 | AUC: 0.7860 | Best: 0.7881
Epoch  49 | Train: 0.6840 | Val: 0.6844 | AUC: 0.7819 | Best: 0.7881
Epoch  50 | Train: 0.6857 | Val: 0.6760 | AUC: 0.7858 | Best: 0.7881
Epoch  51 | Train: 0.6831 | Val: 0.6798 | AUC: 0.7823 | Best: 0.7881
Epoch  52 | Train: 0.6812 | Val: 0.6727 | AUC: 0.7870 | Best: 0.7881
Epoch  53 | Train: 0.6779 | Val: 0.6743 | AUC: 0.7873 | Best: 0.7881
Epoch  54 | Train: 0.6786 | Val: 0.6728 | AUC: 0.7872 | Best: 0.7881
Epoch  55 | Train: 0.6779 | Val: 0.6931 | AUC: 0.7801 | Best: 0.7881
Epoch  56 | Train: 0.6791 | Val: 0.6829 | AUC: 0.7856 | Best: 0.7881
Epoch  57 | Train: 0.6784 | Val: 0.6725 | AUC: 0.7845 | Best: 0.7881
Epoch  58 | Train: 0.6745 | Val: 0.6849 | AUC: 0.7796 | Best: 0.7881
Epoch  59 | Train: 0.6731 | Val: 0.6759 | AUC: 0.7862 | Best: 0.7881
Epoch  60 | Train: 0.6714 | Val: 0.6874 | AUC: 0.7826 | Best: 0.7881
Epoch  61 | Train: 0.6689 | Val: 0.6867 | AUC: 0.7867 | Best: 0.7881
Epoch  62 | Train: 0.6693 | Val: 0.6682 | AUC: 0.7919 | Best: 0.7919
Epoch  63 | Train: 0.6673 | Val: 0.6776 | AUC: 0.7867 | Best: 0.7919
Epoch  64 | Train: 0.6678 | Val: 0.6877 | AUC: 0.7835 | Best: 0.7919
Epoch  65 | Train: 0.6662 | Val: 0.6829 | AUC: 0.7888 | Best: 0.7919
Epoch  66 | Train: 0.6649 | Val: 0.6746 | AUC: 0.7900 | Best: 0.7919
Epoch  67 | Train: 0.6648 | Val: 0.6787 | AUC: 0.7869 | Best: 0.7919
Epoch  68 | Train: 0.6587 | Val: 0.6676 | AUC: 0.7905 | Best: 0.7919
Epoch  69 | Train: 0.6609 | Val: 0.6927 | AUC: 0.7822 | Best: 0.7919
Epoch  70 | Train: 0.6597 | Val: 0.6721 | AUC: 0.7874 | Best: 0.7919
Epoch  71 | Train: 0.6624 | Val: 0.6816 | AUC: 0.7864 | Best: 0.7919
Epoch  72 | Train: 0.6567 | Val: 0.6775 | AUC: 0.7876 | Best: 0.7919
Epoch  73 | Train: 0.6590 | Val: 0.6718 | AUC: 0.7913 | Best: 0.7919
Epoch  74 | Train: 0.6603 | Val: 0.6704 | AUC: 0.7879 | Best: 0.7919
Epoch  75 | Train: 0.6577 | Val: 0.6707 | AUC: 0.7892 | Best: 0.7919
Epoch  76 | Train: 0.6541 | Val: 0.6764 | AUC: 0.7889 | Best: 0.7919
Epoch  77 | Train: 0.6521 | Val: 0.6852 | AUC: 0.7869 | Best: 0.7919
Epoch  78 | Train: 0.6511 | Val: 0.6776 | AUC: 0.7862 | Best: 0.7919
Epoch  79 | Train: 0.6511 | Val: 0.6832 | AUC: 0.7884 | Best: 0.7919
Epoch  80 | Train: 0.6511 | Val: 0.6838 | AUC: 0.7825 | Best: 0.7919
Epoch  81 | Train: 0.6472 | Val: 0.6761 | AUC: 0.7875 | Best: 0.7919
Epoch  82 | Train: 0.6473 | Val: 0.6757 | AUC: 0.7858 | Best: 0.7919
Epoch  83 | Train: 0.6463 | Val: 0.6833 | AUC: 0.7868 | Best: 0.7919
Epoch  84 | Train: 0.6484 | Val: 0.6756 | AUC: 0.7879 | Best: 0.7919
Epoch  85 | Train: 0.6435 | Val: 0.6833 | AUC: 0.7863 | Best: 0.7919
Epoch  86 | Train: 0.6461 | Val: 0.6709 | AUC: 0.7897 | Best: 0.7919
Epoch  87 | Train: 0.6441 | Val: 0.6742 | AUC: 0.7914 | Best: 0.7919
Epoch  88 | Train: 0.6428 | Val: 0.6825 | AUC: 0.7882 | Best: 0.7919
Epoch  89 | Train: 0.6391 | Val: 0.6819 | AUC: 0.7857 | Best: 0.7919
Epoch  90 | Train: 0.6391 | Val: 0.6772 | AUC: 0.7895 | Best: 0.7919
Epoch  91 | Train: 0.6403 | Val: 0.6897 | AUC: 0.7886 | Best: 0.7919
Epoch  92 | Train: 0.6379 | Val: 0.6783 | AUC: 0.7911 | Best: 0.7919
Epoch  93 | Train: 0.6348 | Val: 0.6863 | AUC: 0.7879 | Best: 0.7919
Epoch  94 | Train: 0.6356 | Val: 0.6762 | AUC: 0.7904 | Best: 0.7919
Epoch  95 | Train: 0.6334 | Val: 0.6788 | AUC: 0.7865 | Best: 0.7919
Epoch  96 | Train: 0.6313 | Val: 0.6799 | AUC: 0.7890 | Best: 0.7919
Epoch  97 | Train: 0.6311 | Val: 0.6859 | AUC: 0.7877 | Best: 0.7919
Epoch  98 | Train: 0.6292 | Val: 0.6867 | AUC: 0.7886 | Best: 0.7919
Epoch  99 | Train: 0.6292 | Val: 0.6840 | AUC: 0.7880 | Best: 0.7919
Epoch 100 | Train: 0.6262 | Val: 0.6914 | AUC: 0.7869 | Best: 0.7919
Epoch 101 | Train: 0.6254 | Val: 0.6790 | AUC: 0.7888 | Best: 0.7919
Epoch 102 | Train: 0.6250 | Val: 0.6915 | AUC: 0.7878 | Best: 0.7919
Early stopping at epoch 102 (best epoch 62)

Best val AUC: 0.7919 (epoch 62)
Saved model, scaler, and plot to /mnt/scratch/baburish/doublepulse/gnn/Analysis/trained_model/GAT_0p5dropout/
