Geometry: 5160 DOMs, KDTree built
Loading cached dataset: /mnt/scratch/baburish/doublepulse/gnn/Analysis/dataset_cache_0p3valdir/dataset_3a7b931e3711.pt
Split data:  train: 29433  val: 12615
Device: cpu
Epoch   1 | Train: 0.8650 | Val: 0.6743 | AUC: 0.5649 | Best: 0.5649
Epoch   2 | Train: 0.6739 | Val: 0.6711 | AUC: 0.5715 | Best: 0.5715
Epoch   3 | Train: 0.6636 | Val: 0.6520 | AUC: 0.6043 | Best: 0.6043
Epoch   4 | Train: 0.6575 | Val: 0.6505 | AUC: 0.6214 | Best: 0.6214
Epoch   5 | Train: 0.6523 | Val: 0.6386 | AUC: 0.6574 | Best: 0.6574
Epoch   6 | Train: 0.6458 | Val: 0.6326 | AUC: 0.6753 | Best: 0.6753
Epoch   7 | Train: 0.6372 | Val: 0.6224 | AUC: 0.6957 | Best: 0.6957
Epoch   8 | Train: 0.6292 | Val: 0.6341 | AUC: 0.6909 | Best: 0.6957
Epoch   9 | Train: 0.6228 | Val: 0.6084 | AUC: 0.7183 | Best: 0.7183
Epoch  10 | Train: 0.6120 | Val: 0.6270 | AUC: 0.7104 | Best: 0.7183
Epoch  11 | Train: 0.6111 | Val: 0.5981 | AUC: 0.7340 | Best: 0.7340
Epoch  12 | Train: 0.6037 | Val: 0.5906 | AUC: 0.7410 | Best: 0.7410
Epoch  13 | Train: 0.6011 | Val: 0.5943 | AUC: 0.7461 | Best: 0.7461
Epoch  14 | Train: 0.5989 | Val: 0.5927 | AUC: 0.7429 | Best: 0.7461
Epoch  15 | Train: 0.5944 | Val: 0.6045 | AUC: 0.7501 | Best: 0.7501
Epoch  16 | Train: 0.5913 | Val: 0.5867 | AUC: 0.7559 | Best: 0.7559
Epoch  17 | Train: 0.5888 | Val: 0.5786 | AUC: 0.7585 | Best: 0.7585
Epoch  18 | Train: 0.5873 | Val: 0.5890 | AUC: 0.7515 | Best: 0.7585
Epoch  19 | Train: 0.5848 | Val: 0.5747 | AUC: 0.7621 | Best: 0.7621
Epoch  20 | Train: 0.5820 | Val: 0.5817 | AUC: 0.7558 | Best: 0.7621
Epoch  21 | Train: 0.5788 | Val: 0.5719 | AUC: 0.7601 | Best: 0.7621
Epoch  22 | Train: 0.5792 | Val: 0.5723 | AUC: 0.7589 | Best: 0.7621
Epoch  23 | Train: 0.5786 | Val: 0.5735 | AUC: 0.7599 | Best: 0.7621
Epoch  24 | Train: 0.5778 | Val: 0.5714 | AUC: 0.7614 | Best: 0.7621
Epoch  25 | Train: 0.5736 | Val: 0.5837 | AUC: 0.7602 | Best: 0.7621
Epoch  26 | Train: 0.5730 | Val: 0.5791 | AUC: 0.7564 | Best: 0.7621
Epoch  27 | Train: 0.5698 | Val: 0.5827 | AUC: 0.7606 | Best: 0.7621
Epoch  28 | Train: 0.5678 | Val: 0.5899 | AUC: 0.7545 | Best: 0.7621
Epoch  29 | Train: 0.5659 | Val: 0.5824 | AUC: 0.7568 | Best: 0.7621
Epoch  30 | Train: 0.5651 | Val: 0.5711 | AUC: 0.7631 | Best: 0.7631
Epoch  31 | Train: 0.5635 | Val: 0.5596 | AUC: 0.7703 | Best: 0.7703
Epoch  32 | Train: 0.5639 | Val: 0.5621 | AUC: 0.7693 | Best: 0.7703
Epoch  33 | Train: 0.5619 | Val: 0.5635 | AUC: 0.7669 | Best: 0.7703
Epoch  34 | Train: 0.5570 | Val: 0.5640 | AUC: 0.7678 | Best: 0.7703
Epoch  35 | Train: 0.5586 | Val: 0.5725 | AUC: 0.7632 | Best: 0.7703
Epoch  36 | Train: 0.5572 | Val: 0.5712 | AUC: 0.7631 | Best: 0.7703
Epoch  37 | Train: 0.5574 | Val: 0.5791 | AUC: 0.7594 | Best: 0.7703
Epoch  38 | Train: 0.5555 | Val: 0.5760 | AUC: 0.7647 | Best: 0.7703
Epoch  39 | Train: 0.5551 | Val: 0.5634 | AUC: 0.7645 | Best: 0.7703
Epoch  40 | Train: 0.5554 | Val: 0.5639 | AUC: 0.7695 | Best: 0.7703
Epoch  41 | Train: 0.5514 | Val: 0.5740 | AUC: 0.7647 | Best: 0.7703
Epoch  42 | Train: 0.5492 | Val: 0.5726 | AUC: 0.7663 | Best: 0.7703
Epoch  43 | Train: 0.5498 | Val: 0.5683 | AUC: 0.7716 | Best: 0.7716
Epoch  44 | Train: 0.5489 | Val: 0.5714 | AUC: 0.7686 | Best: 0.7716
Epoch  45 | Train: 0.5474 | Val: 0.5873 | AUC: 0.7621 | Best: 0.7716
Epoch  46 | Train: 0.5484 | Val: 0.5897 | AUC: 0.7654 | Best: 0.7716
Epoch  47 | Train: 0.5446 | Val: 0.5667 | AUC: 0.7691 | Best: 0.7716
Epoch  48 | Train: 0.5425 | Val: 0.5759 | AUC: 0.7695 | Best: 0.7716
Epoch  49 | Train: 0.5432 | Val: 0.5780 | AUC: 0.7683 | Best: 0.7716
Epoch  50 | Train: 0.5418 | Val: 0.5657 | AUC: 0.7700 | Best: 0.7716
Epoch  51 | Train: 0.5431 | Val: 0.5680 | AUC: 0.7690 | Best: 0.7716
Epoch  52 | Train: 0.5395 | Val: 0.5576 | AUC: 0.7735 | Best: 0.7735
Epoch  53 | Train: 0.5386 | Val: 0.5678 | AUC: 0.7690 | Best: 0.7735
Epoch  54 | Train: 0.5378 | Val: 0.5843 | AUC: 0.7638 | Best: 0.7735
Epoch  55 | Train: 0.5376 | Val: 0.5683 | AUC: 0.7708 | Best: 0.7735
Epoch  56 | Train: 0.5360 | Val: 0.5816 | AUC: 0.7664 | Best: 0.7735
Epoch  57 | Train: 0.5392 | Val: 0.5635 | AUC: 0.7745 | Best: 0.7745
Epoch  58 | Train: 0.5356 | Val: 0.5692 | AUC: 0.7695 | Best: 0.7745
Epoch  59 | Train: 0.5340 | Val: 0.5825 | AUC: 0.7672 | Best: 0.7745
Epoch  60 | Train: 0.5344 | Val: 0.5547 | AUC: 0.7756 | Best: 0.7756
Epoch  61 | Train: 0.5304 | Val: 0.5812 | AUC: 0.7691 | Best: 0.7756
Epoch  62 | Train: 0.5316 | Val: 0.5621 | AUC: 0.7744 | Best: 0.7756
Epoch  63 | Train: 0.5282 | Val: 0.5748 | AUC: 0.7735 | Best: 0.7756
Epoch  64 | Train: 0.5277 | Val: 0.5655 | AUC: 0.7728 | Best: 0.7756
Epoch  65 | Train: 0.5281 | Val: 0.5622 | AUC: 0.7741 | Best: 0.7756
Epoch  66 | Train: 0.5281 | Val: 0.5741 | AUC: 0.7666 | Best: 0.7756
Epoch  67 | Train: 0.5269 | Val: 0.5693 | AUC: 0.7712 | Best: 0.7756
Epoch  68 | Train: 0.5261 | Val: 0.5713 | AUC: 0.7708 | Best: 0.7756
Epoch  69 | Train: 0.5251 | Val: 0.5752 | AUC: 0.7716 | Best: 0.7756
Epoch  70 | Train: 0.5239 | Val: 0.5667 | AUC: 0.7728 | Best: 0.7756
Epoch  71 | Train: 0.5271 | Val: 0.5606 | AUC: 0.7731 | Best: 0.7756
Epoch  72 | Train: 0.5251 | Val: 0.5660 | AUC: 0.7711 | Best: 0.7756
Epoch  73 | Train: 0.5202 | Val: 0.5709 | AUC: 0.7710 | Best: 0.7756
Epoch  74 | Train: 0.5228 | Val: 0.5637 | AUC: 0.7716 | Best: 0.7756
Epoch  75 | Train: 0.5213 | Val: 0.5731 | AUC: 0.7737 | Best: 0.7756
Epoch  76 | Train: 0.5216 | Val: 0.5683 | AUC: 0.7750 | Best: 0.7756
Epoch  77 | Train: 0.5220 | Val: 0.5754 | AUC: 0.7695 | Best: 0.7756
Epoch  78 | Train: 0.5174 | Val: 0.5709 | AUC: 0.7707 | Best: 0.7756
Epoch  79 | Train: 0.5204 | Val: 0.5775 | AUC: 0.7703 | Best: 0.7756
Epoch  80 | Train: 0.5150 | Val: 0.5820 | AUC: 0.7713 | Best: 0.7756
Epoch  81 | Train: 0.5184 | Val: 0.5683 | AUC: 0.7727 | Best: 0.7756
Epoch  82 | Train: 0.5173 | Val: 0.5717 | AUC: 0.7743 | Best: 0.7756
Epoch  83 | Train: 0.5178 | Val: 0.5682 | AUC: 0.7702 | Best: 0.7756
Epoch  84 | Train: 0.5157 | Val: 0.5721 | AUC: 0.7706 | Best: 0.7756
Epoch  85 | Train: 0.5151 | Val: 0.5660 | AUC: 0.7742 | Best: 0.7756
Epoch  86 | Train: 0.5147 | Val: 0.5821 | AUC: 0.7709 | Best: 0.7756
Epoch  87 | Train: 0.5140 | Val: 0.5894 | AUC: 0.7714 | Best: 0.7756
Epoch  88 | Train: 0.5155 | Val: 0.5812 | AUC: 0.7677 | Best: 0.7756
Epoch  89 | Train: 0.5149 | Val: 0.5796 | AUC: 0.7679 | Best: 0.7756
Epoch  90 | Train: 0.5140 | Val: 0.5798 | AUC: 0.7681 | Best: 0.7756
Epoch  91 | Train: 0.5129 | Val: 0.5715 | AUC: 0.7695 | Best: 0.7756
Epoch  92 | Train: 0.5119 | Val: 0.5695 | AUC: 0.7729 | Best: 0.7756
Epoch  93 | Train: 0.5143 | Val: 0.5699 | AUC: 0.7719 | Best: 0.7756
Epoch  94 | Train: 0.5110 | Val: 0.5636 | AUC: 0.7746 | Best: 0.7756
Epoch  95 | Train: 0.5126 | Val: 0.5643 | AUC: 0.7733 | Best: 0.7756
Epoch  96 | Train: 0.5113 | Val: 0.5716 | AUC: 0.7728 | Best: 0.7756
Epoch  97 | Train: 0.5101 | Val: 0.5731 | AUC: 0.7719 | Best: 0.7756
Epoch  98 | Train: 0.5100 | Val: 0.5733 | AUC: 0.7732 | Best: 0.7756
Epoch  99 | Train: 0.5102 | Val: 0.5811 | AUC: 0.7716 | Best: 0.7756
Epoch 100 | Train: 0.5079 | Val: 0.5687 | AUC: 0.7747 | Best: 0.7756
Epoch 101 | Train: 0.5079 | Val: 0.5746 | AUC: 0.7719 | Best: 0.7756
Epoch 102 | Train: 0.5074 | Val: 0.5662 | AUC: 0.7728 | Best: 0.7756
Epoch 103 | Train: 0.5059 | Val: 0.5881 | AUC: 0.7681 | Best: 0.7756
Epoch 104 | Train: 0.5072 | Val: 0.5816 | AUC: 0.7705 | Best: 0.7756
Epoch 105 | Train: 0.5084 | Val: 0.5708 | AUC: 0.7711 | Best: 0.7756
Epoch 106 | Train: 0.5064 | Val: 0.5782 | AUC: 0.7714 | Best: 0.7756
Epoch 107 | Train: 0.5052 | Val: 0.5715 | AUC: 0.7761 | Best: 0.7761
Epoch 108 | Train: 0.5051 | Val: 0.5753 | AUC: 0.7724 | Best: 0.7761
Epoch 109 | Train: 0.5051 | Val: 0.5761 | AUC: 0.7712 | Best: 0.7761
Epoch 110 | Train: 0.5020 | Val: 0.5796 | AUC: 0.7700 | Best: 0.7761
Epoch 111 | Train: 0.5057 | Val: 0.5787 | AUC: 0.7689 | Best: 0.7761
Epoch 112 | Train: 0.5028 | Val: 0.5727 | AUC: 0.7722 | Best: 0.7761
Epoch 113 | Train: 0.5033 | Val: 0.5785 | AUC: 0.7728 | Best: 0.7761
Epoch 114 | Train: 0.5009 | Val: 0.5783 | AUC: 0.7722 | Best: 0.7761
Epoch 115 | Train: 0.5033 | Val: 0.5759 | AUC: 0.7709 | Best: 0.7761
Epoch 116 | Train: 0.4981 | Val: 0.5791 | AUC: 0.7715 | Best: 0.7761
Epoch 117 | Train: 0.5025 | Val: 0.5846 | AUC: 0.7706 | Best: 0.7761
Epoch 118 | Train: 0.5002 | Val: 0.5838 | AUC: 0.7701 | Best: 0.7761
Epoch 119 | Train: 0.5010 | Val: 0.5838 | AUC: 0.7673 | Best: 0.7761
Epoch 120 | Train: 0.5009 | Val: 0.5752 | AUC: 0.7704 | Best: 0.7761
Epoch 121 | Train: 0.5005 | Val: 0.5895 | AUC: 0.7682 | Best: 0.7761
Epoch 122 | Train: 0.4978 | Val: 0.5870 | AUC: 0.7712 | Best: 0.7761
Epoch 123 | Train: 0.4985 | Val: 0.5814 | AUC: 0.7718 | Best: 0.7761
Epoch 124 | Train: 0.4981 | Val: 0.5824 | AUC: 0.7697 | Best: 0.7761
Epoch 125 | Train: 0.4998 | Val: 0.5744 | AUC: 0.7735 | Best: 0.7761
Epoch 126 | Train: 0.5003 | Val: 0.5821 | AUC: 0.7707 | Best: 0.7761
Epoch 127 | Train: 0.4986 | Val: 0.5795 | AUC: 0.7697 | Best: 0.7761
Epoch 128 | Train: 0.4994 | Val: 0.5851 | AUC: 0.7708 | Best: 0.7761
Epoch 129 | Train: 0.5009 | Val: 0.5753 | AUC: 0.7729 | Best: 0.7761
Epoch 130 | Train: 0.4990 | Val: 0.5832 | AUC: 0.7693 | Best: 0.7761
Epoch 131 | Train: 0.4984 | Val: 0.5840 | AUC: 0.7703 | Best: 0.7761
Epoch 132 | Train: 0.5009 | Val: 0.5820 | AUC: 0.7710 | Best: 0.7761
Epoch 133 | Train: 0.4958 | Val: 0.5836 | AUC: 0.7697 | Best: 0.7761
Epoch 134 | Train: 0.4986 | Val: 0.5870 | AUC: 0.7718 | Best: 0.7761
Epoch 135 | Train: 0.4943 | Val: 0.5864 | AUC: 0.7722 | Best: 0.7761
Epoch 136 | Train: 0.4964 | Val: 0.5953 | AUC: 0.7710 | Best: 0.7761
Epoch 137 | Train: 0.4954 | Val: 0.5815 | AUC: 0.7717 | Best: 0.7761
Epoch 138 | Train: 0.4957 | Val: 0.5890 | AUC: 0.7708 | Best: 0.7761
Epoch 139 | Train: 0.4970 | Val: 0.5884 | AUC: 0.7684 | Best: 0.7761
Epoch 140 | Train: 0.4977 | Val: 0.5801 | AUC: 0.7728 | Best: 0.7761
Epoch 141 | Train: 0.4960 | Val: 0.5842 | AUC: 0.7717 | Best: 0.7761
Epoch 142 | Train: 0.4952 | Val: 0.5874 | AUC: 0.7677 | Best: 0.7761
Epoch 143 | Train: 0.4948 | Val: 0.5831 | AUC: 0.7711 | Best: 0.7761
Epoch 144 | Train: 0.4925 | Val: 0.5885 | AUC: 0.7699 | Best: 0.7761
Epoch 145 | Train: 0.4933 | Val: 0.5864 | AUC: 0.7713 | Best: 0.7761
Epoch 146 | Train: 0.4943 | Val: 0.5818 | AUC: 0.7720 | Best: 0.7761
Epoch 147 | Train: 0.4920 | Val: 0.5834 | AUC: 0.7703 | Best: 0.7761
Epoch 148 | Train: 0.4928 | Val: 0.5851 | AUC: 0.7720 | Best: 0.7761
Epoch 149 | Train: 0.4912 | Val: 0.5920 | AUC: 0.7697 | Best: 0.7761
Epoch 150 | Train: 0.4935 | Val: 0.5879 | AUC: 0.7686 | Best: 0.7761

Best val AUC: 0.7761 (epoch 107)
Saved model, scaler, and plot to /mnt/scratch/baburish/doublepulse/gnn/Analysis/trained_model/GAT_0p3dropout_weightdecay5e4_64batchsize_0p3valfrac/
