Geometry: 5160 DOMs, KDTree built
No cache at ./dataset_cache/dataset_3a7b931e3711.pt -- building dataset from scratch
Loading tau events from 1 file(s)...
  -> Loaded 21024 tau events
Loading nue events from 1 file(s)...
  -> Loaded 34691 nue events
Class imbalance detected (tau=21024, nue=34691) -- balancing both to 21024

Dataset summary:
  Tau:  21024
  Nue:  21024
Ratio: 1:1 (balanced)
Collating dataset...
Cached dataset to ./dataset_cache/dataset_3a7b931e3711.pt
Split data:  train: 35740  val: 6308
Device: cuda
Epoch   1 | Train: 0.8374 | Val: 0.6845 | AUC: 0.5540 | Best: 0.5540
Epoch   2 | Train: 0.6747 | Val: 0.6871 | AUC: 0.5810 | Best: 0.5810
Epoch   3 | Train: 0.6631 | Val: 0.6454 | AUC: 0.6444 | Best: 0.6444
Epoch   4 | Train: 0.6560 | Val: 0.6437 | AUC: 0.6518 | Best: 0.6518
Epoch   5 | Train: 0.6511 | Val: 0.6353 | AUC: 0.6632 | Best: 0.6632
Epoch   6 | Train: 0.6419 | Val: 0.6331 | AUC: 0.6945 | Best: 0.6945
Epoch   7 | Train: 0.6360 | Val: 0.6247 | AUC: 0.6981 | Best: 0.6981
Epoch   8 | Train: 0.6297 | Val: 0.6042 | AUC: 0.7247 | Best: 0.7247
Epoch   9 | Train: 0.6198 | Val: 0.6109 | AUC: 0.7266 | Best: 0.7266
Epoch  10 | Train: 0.6107 | Val: 0.6118 | AUC: 0.7435 | Best: 0.7435
Epoch  11 | Train: 0.6080 | Val: 0.6096 | AUC: 0.7281 | Best: 0.7435
Epoch  12 | Train: 0.6029 | Val: 0.5938 | AUC: 0.7414 | Best: 0.7435
Epoch  13 | Train: 0.5988 | Val: 0.6021 | AUC: 0.7494 | Best: 0.7494
Epoch  14 | Train: 0.5979 | Val: 0.5998 | AUC: 0.7455 | Best: 0.7494
Epoch  15 | Train: 0.5950 | Val: 0.5871 | AUC: 0.7519 | Best: 0.7519
Epoch  16 | Train: 0.5917 | Val: 0.5863 | AUC: 0.7501 | Best: 0.7519
Epoch  17 | Train: 0.5861 | Val: 0.5872 | AUC: 0.7567 | Best: 0.7567
Epoch  18 | Train: 0.5828 | Val: 0.5922 | AUC: 0.7537 | Best: 0.7567
Epoch  19 | Train: 0.5787 | Val: 0.5791 | AUC: 0.7611 | Best: 0.7611
Epoch  20 | Train: 0.5781 | Val: 0.5762 | AUC: 0.7578 | Best: 0.7611
Epoch  21 | Train: 0.5763 | Val: 0.5668 | AUC: 0.7630 | Best: 0.7630
Epoch  22 | Train: 0.5719 | Val: 0.5973 | AUC: 0.7563 | Best: 0.7630
Epoch  23 | Train: 0.5735 | Val: 0.5772 | AUC: 0.7616 | Best: 0.7630
Epoch  24 | Train: 0.5703 | Val: 0.5643 | AUC: 0.7681 | Best: 0.7681
Epoch  25 | Train: 0.5677 | Val: 0.5794 | AUC: 0.7548 | Best: 0.7681
Epoch  26 | Train: 0.5678 | Val: 0.5610 | AUC: 0.7662 | Best: 0.7681
Epoch  27 | Train: 0.5654 | Val: 0.5665 | AUC: 0.7654 | Best: 0.7681
Epoch  28 | Train: 0.5633 | Val: 0.5647 | AUC: 0.7665 | Best: 0.7681
Epoch  29 | Train: 0.5648 | Val: 0.5635 | AUC: 0.7679 | Best: 0.7681
Epoch  30 | Train: 0.5603 | Val: 0.5619 | AUC: 0.7641 | Best: 0.7681
Epoch  31 | Train: 0.5592 | Val: 0.5731 | AUC: 0.7649 | Best: 0.7681
Epoch  32 | Train: 0.5572 | Val: 0.5884 | AUC: 0.7642 | Best: 0.7681
Epoch  33 | Train: 0.5582 | Val: 0.5802 | AUC: 0.7597 | Best: 0.7681
Epoch  34 | Train: 0.5572 | Val: 0.5653 | AUC: 0.7670 | Best: 0.7681
Epoch  35 | Train: 0.5552 | Val: 0.5704 | AUC: 0.7686 | Best: 0.7686
Epoch  36 | Train: 0.5539 | Val: 0.5695 | AUC: 0.7663 | Best: 0.7686
Epoch  37 | Train: 0.5537 | Val: 0.5682 | AUC: 0.7676 | Best: 0.7686
Epoch  38 | Train: 0.5511 | Val: 0.5731 | AUC: 0.7661 | Best: 0.7686
Epoch  39 | Train: 0.5517 | Val: 0.5773 | AUC: 0.7592 | Best: 0.7686
Epoch  40 | Train: 0.5499 | Val: 0.5673 | AUC: 0.7715 | Best: 0.7715
Epoch  41 | Train: 0.5500 | Val: 0.5612 | AUC: 0.7675 | Best: 0.7715
Epoch  42 | Train: 0.5457 | Val: 0.5580 | AUC: 0.7720 | Best: 0.7720
Epoch  43 | Train: 0.5459 | Val: 0.5554 | AUC: 0.7727 | Best: 0.7727
Epoch  44 | Train: 0.5463 | Val: 0.5635 | AUC: 0.7705 | Best: 0.7727
Epoch  45 | Train: 0.5452 | Val: 0.5564 | AUC: 0.7735 | Best: 0.7735
Epoch  46 | Train: 0.5423 | Val: 0.5614 | AUC: 0.7752 | Best: 0.7752
Epoch  47 | Train: 0.5403 | Val: 0.5597 | AUC: 0.7738 | Best: 0.7752
Epoch  48 | Train: 0.5407 | Val: 0.5646 | AUC: 0.7689 | Best: 0.7752
Epoch  49 | Train: 0.5402 | Val: 0.5669 | AUC: 0.7700 | Best: 0.7752
Epoch  50 | Train: 0.5384 | Val: 0.5620 | AUC: 0.7714 | Best: 0.7752
Epoch  51 | Train: 0.5383 | Val: 0.5553 | AUC: 0.7736 | Best: 0.7752
Epoch  52 | Train: 0.5384 | Val: 0.5716 | AUC: 0.7676 | Best: 0.7752
Epoch  53 | Train: 0.5362 | Val: 0.5594 | AUC: 0.7742 | Best: 0.7752
Epoch  54 | Train: 0.5354 | Val: 0.5689 | AUC: 0.7694 | Best: 0.7752
Epoch  55 | Train: 0.5347 | Val: 0.5658 | AUC: 0.7726 | Best: 0.7752
Epoch  56 | Train: 0.5344 | Val: 0.5555 | AUC: 0.7754 | Best: 0.7754
Epoch  57 | Train: 0.5338 | Val: 0.5662 | AUC: 0.7723 | Best: 0.7754
Epoch  58 | Train: 0.5334 | Val: 0.5657 | AUC: 0.7687 | Best: 0.7754
Epoch  59 | Train: 0.5312 | Val: 0.5537 | AUC: 0.7748 | Best: 0.7754
Epoch  60 | Train: 0.5314 | Val: 0.5700 | AUC: 0.7710 | Best: 0.7754
Epoch  61 | Train: 0.5324 | Val: 0.5568 | AUC: 0.7740 | Best: 0.7754
Epoch  62 | Train: 0.5313 | Val: 0.5570 | AUC: 0.7749 | Best: 0.7754
Epoch  63 | Train: 0.5284 | Val: 0.5593 | AUC: 0.7752 | Best: 0.7754
Epoch  64 | Train: 0.5281 | Val: 0.5641 | AUC: 0.7763 | Best: 0.7763
Epoch  65 | Train: 0.5269 | Val: 0.5708 | AUC: 0.7705 | Best: 0.7763
Epoch  66 | Train: 0.5313 | Val: 0.5679 | AUC: 0.7745 | Best: 0.7763
Epoch  67 | Train: 0.5256 | Val: 0.5697 | AUC: 0.7732 | Best: 0.7763
Epoch  68 | Train: 0.5247 | Val: 0.5539 | AUC: 0.7747 | Best: 0.7763
Epoch  69 | Train: 0.5257 | Val: 0.5689 | AUC: 0.7740 | Best: 0.7763
Epoch  70 | Train: 0.5244 | Val: 0.5686 | AUC: 0.7732 | Best: 0.7763
Epoch  71 | Train: 0.5241 | Val: 0.5632 | AUC: 0.7765 | Best: 0.7765
Epoch  72 | Train: 0.5209 | Val: 0.5645 | AUC: 0.7734 | Best: 0.7765
Epoch  73 | Train: 0.5254 | Val: 0.5770 | AUC: 0.7716 | Best: 0.7765
Epoch  74 | Train: 0.5237 | Val: 0.5644 | AUC: 0.7753 | Best: 0.7765
Epoch  75 | Train: 0.5198 | Val: 0.5784 | AUC: 0.7737 | Best: 0.7765
Epoch  76 | Train: 0.5206 | Val: 0.5616 | AUC: 0.7767 | Best: 0.7767
Epoch  77 | Train: 0.5201 | Val: 0.5656 | AUC: 0.7747 | Best: 0.7767
Epoch  78 | Train: 0.5211 | Val: 0.5670 | AUC: 0.7750 | Best: 0.7767
Epoch  79 | Train: 0.5187 | Val: 0.5773 | AUC: 0.7751 | Best: 0.7767
Epoch  80 | Train: 0.5204 | Val: 0.5707 | AUC: 0.7723 | Best: 0.7767
Epoch  81 | Train: 0.5186 | Val: 0.5705 | AUC: 0.7772 | Best: 0.7772
Epoch  82 | Train: 0.5179 | Val: 0.5718 | AUC: 0.7738 | Best: 0.7772
Epoch  83 | Train: 0.5197 | Val: 0.5687 | AUC: 0.7733 | Best: 0.7772
Epoch  84 | Train: 0.5165 | Val: 0.5731 | AUC: 0.7732 | Best: 0.7772
Epoch  85 | Train: 0.5170 | Val: 0.5609 | AUC: 0.7765 | Best: 0.7772
Epoch  86 | Train: 0.5156 | Val: 0.5711 | AUC: 0.7736 | Best: 0.7772
Epoch  87 | Train: 0.5143 | Val: 0.5700 | AUC: 0.7760 | Best: 0.7772
Epoch  88 | Train: 0.5140 | Val: 0.5671 | AUC: 0.7712 | Best: 0.7772
Epoch  89 | Train: 0.5124 | Val: 0.5660 | AUC: 0.7752 | Best: 0.7772
Epoch  90 | Train: 0.5122 | Val: 0.5670 | AUC: 0.7763 | Best: 0.7772
Epoch  91 | Train: 0.5139 | Val: 0.5701 | AUC: 0.7745 | Best: 0.7772
Epoch  92 | Train: 0.5123 | Val: 0.5714 | AUC: 0.7740 | Best: 0.7772
Epoch  93 | Train: 0.5134 | Val: 0.5618 | AUC: 0.7727 | Best: 0.7772
Epoch  94 | Train: 0.5123 | Val: 0.5782 | AUC: 0.7761 | Best: 0.7772
Epoch  95 | Train: 0.5127 | Val: 0.5816 | AUC: 0.7718 | Best: 0.7772
Epoch  96 | Train: 0.5129 | Val: 0.5675 | AUC: 0.7736 | Best: 0.7772
Epoch  97 | Train: 0.5110 | Val: 0.5744 | AUC: 0.7744 | Best: 0.7772
Epoch  98 | Train: 0.5090 | Val: 0.5822 | AUC: 0.7722 | Best: 0.7772
Epoch  99 | Train: 0.5090 | Val: 0.5736 | AUC: 0.7746 | Best: 0.7772
Epoch 100 | Train: 0.5098 | Val: 0.5769 | AUC: 0.7717 | Best: 0.7772
Epoch 101 | Train: 0.5097 | Val: 0.5686 | AUC: 0.7731 | Best: 0.7772
Epoch 102 | Train: 0.5106 | Val: 0.5748 | AUC: 0.7733 | Best: 0.7772
Epoch 103 | Train: 0.5064 | Val: 0.5887 | AUC: 0.7711 | Best: 0.7772
Epoch 104 | Train: 0.5057 | Val: 0.5662 | AUC: 0.7750 | Best: 0.7772
Epoch 105 | Train: 0.5057 | Val: 0.5819 | AUC: 0.7728 | Best: 0.7772
Epoch 106 | Train: 0.5066 | Val: 0.5782 | AUC: 0.7753 | Best: 0.7772
Epoch 107 | Train: 0.5080 | Val: 0.5794 | AUC: 0.7734 | Best: 0.7772
Epoch 108 | Train: 0.5068 | Val: 0.5738 | AUC: 0.7721 | Best: 0.7772
Epoch 109 | Train: 0.5078 | Val: 0.5712 | AUC: 0.7736 | Best: 0.7772
Epoch 110 | Train: 0.5073 | Val: 0.5724 | AUC: 0.7750 | Best: 0.7772
Epoch 111 | Train: 0.5060 | Val: 0.5751 | AUC: 0.7740 | Best: 0.7772
Epoch 112 | Train: 0.5044 | Val: 0.5789 | AUC: 0.7719 | Best: 0.7772
Epoch 113 | Train: 0.5044 | Val: 0.5752 | AUC: 0.7741 | Best: 0.7772
Epoch 114 | Train: 0.5050 | Val: 0.5807 | AUC: 0.7730 | Best: 0.7772
Epoch 115 | Train: 0.5060 | Val: 0.5751 | AUC: 0.7740 | Best: 0.7772
Epoch 116 | Train: 0.5045 | Val: 0.5804 | AUC: 0.7731 | Best: 0.7772
Epoch 117 | Train: 0.5073 | Val: 0.5706 | AUC: 0.7720 | Best: 0.7772
Epoch 118 | Train: 0.5034 | Val: 0.5974 | AUC: 0.7689 | Best: 0.7772
Epoch 119 | Train: 0.5035 | Val: 0.5728 | AUC: 0.7746 | Best: 0.7772
Epoch 120 | Train: 0.5013 | Val: 0.5828 | AUC: 0.7713 | Best: 0.7772
Epoch 121 | Train: 0.5025 | Val: 0.5811 | AUC: 0.7705 | Best: 0.7772
Early stopping at epoch 121 (best epoch 81)

Best val AUC: 0.7772 (epoch 81)
Saved model, scaler, and plot to /mnt/scratch/baburish/doublepulse/gnn/Analysis/trained_model/GAT_0p3dropout_weightdecay5e4_16batchsize/
