Geometry: 5160 DOMs, KDTree built
Loading cached dataset: dataset_cache/dataset_3a7b931e3711.pt
Split data:  train: 35740  val: 6308
Device: cuda
Epoch   1 | Train: 0.2498 | Val: 0.0866 | AUC: 0.5074 | Best: 0.5074
Epoch   2 | Train: 0.0867 | Val: 0.0867 | AUC: 0.5041 | Best: 0.5074
Epoch   3 | Train: 0.0868 | Val: 0.0866 | AUC: 0.5083 | Best: 0.5083
Epoch   4 | Train: 0.0867 | Val: 0.0866 | AUC: 0.5095 | Best: 0.5095
Epoch   5 | Train: 0.0862 | Val: 0.0871 | AUC: 0.5442 | Best: 0.5442
Epoch   6 | Train: 0.0845 | Val: 0.0829 | AUC: 0.5776 | Best: 0.5776
Epoch   7 | Train: 0.0833 | Val: 0.0821 | AUC: 0.6063 | Best: 0.6063
Epoch   8 | Train: 0.0828 | Val: 0.0807 | AUC: 0.6339 | Best: 0.6339
Epoch   9 | Train: 0.0821 | Val: 0.0809 | AUC: 0.6366 | Best: 0.6366
Epoch  10 | Train: 0.0812 | Val: 0.0801 | AUC: 0.6722 | Best: 0.6722
Epoch  11 | Train: 0.0808 | Val: 0.0792 | AUC: 0.6808 | Best: 0.6808
Epoch  12 | Train: 0.0799 | Val: 0.0782 | AUC: 0.6943 | Best: 0.6943
Epoch  13 | Train: 0.0786 | Val: 0.0756 | AUC: 0.7275 | Best: 0.7275
Epoch  14 | Train: 0.0781 | Val: 0.0754 | AUC: 0.7369 | Best: 0.7369
Epoch  15 | Train: 0.0773 | Val: 0.0747 | AUC: 0.7451 | Best: 0.7451
Epoch  16 | Train: 0.0768 | Val: 0.0740 | AUC: 0.7475 | Best: 0.7475
Epoch  17 | Train: 0.0766 | Val: 0.0739 | AUC: 0.7465 | Best: 0.7475
Epoch  18 | Train: 0.0760 | Val: 0.0744 | AUC: 0.7455 | Best: 0.7475
Epoch  19 | Train: 0.0754 | Val: 0.0728 | AUC: 0.7536 | Best: 0.7536
Epoch  20 | Train: 0.0751 | Val: 0.0728 | AUC: 0.7571 | Best: 0.7571
Epoch  21 | Train: 0.0746 | Val: 0.0727 | AUC: 0.7536 | Best: 0.7571
Epoch  22 | Train: 0.0744 | Val: 0.0726 | AUC: 0.7608 | Best: 0.7608
Epoch  23 | Train: 0.0745 | Val: 0.0718 | AUC: 0.7643 | Best: 0.7643
Epoch  24 | Train: 0.0740 | Val: 0.0712 | AUC: 0.7695 | Best: 0.7695
Epoch  25 | Train: 0.0737 | Val: 0.0716 | AUC: 0.7635 | Best: 0.7695
Epoch  26 | Train: 0.0737 | Val: 0.0718 | AUC: 0.7626 | Best: 0.7695
Epoch  27 | Train: 0.0732 | Val: 0.0711 | AUC: 0.7697 | Best: 0.7697
Epoch  28 | Train: 0.0729 | Val: 0.0709 | AUC: 0.7702 | Best: 0.7702
Epoch  29 | Train: 0.0732 | Val: 0.0711 | AUC: 0.7728 | Best: 0.7728
Epoch  30 | Train: 0.0728 | Val: 0.0710 | AUC: 0.7680 | Best: 0.7728
Epoch  31 | Train: 0.0725 | Val: 0.0720 | AUC: 0.7659 | Best: 0.7728
Epoch  32 | Train: 0.0724 | Val: 0.0737 | AUC: 0.7602 | Best: 0.7728
Epoch  33 | Train: 0.0723 | Val: 0.0730 | AUC: 0.7594 | Best: 0.7728
Epoch  34 | Train: 0.0722 | Val: 0.0709 | AUC: 0.7717 | Best: 0.7728
Epoch  35 | Train: 0.0717 | Val: 0.0707 | AUC: 0.7741 | Best: 0.7741
Epoch  36 | Train: 0.0716 | Val: 0.0707 | AUC: 0.7722 | Best: 0.7741
Epoch  37 | Train: 0.0716 | Val: 0.0704 | AUC: 0.7771 | Best: 0.7771
Epoch  38 | Train: 0.0712 | Val: 0.0717 | AUC: 0.7718 | Best: 0.7771
Epoch  39 | Train: 0.0714 | Val: 0.0703 | AUC: 0.7775 | Best: 0.7775
Epoch  40 | Train: 0.0712 | Val: 0.0700 | AUC: 0.7789 | Best: 0.7789
Epoch  41 | Train: 0.0711 | Val: 0.0697 | AUC: 0.7799 | Best: 0.7799
Epoch  42 | Train: 0.0710 | Val: 0.0695 | AUC: 0.7802 | Best: 0.7802
Epoch  43 | Train: 0.0708 | Val: 0.0704 | AUC: 0.7745 | Best: 0.7802
Epoch  44 | Train: 0.0707 | Val: 0.0704 | AUC: 0.7802 | Best: 0.7802
Epoch  45 | Train: 0.0705 | Val: 0.0699 | AUC: 0.7783 | Best: 0.7802
Epoch  46 | Train: 0.0703 | Val: 0.0705 | AUC: 0.7819 | Best: 0.7819
Epoch  47 | Train: 0.0704 | Val: 0.0695 | AUC: 0.7815 | Best: 0.7819
Epoch  48 | Train: 0.0700 | Val: 0.0700 | AUC: 0.7758 | Best: 0.7819
Epoch  49 | Train: 0.0704 | Val: 0.0696 | AUC: 0.7802 | Best: 0.7819
Epoch  50 | Train: 0.0701 | Val: 0.0696 | AUC: 0.7816 | Best: 0.7819
Epoch  51 | Train: 0.0700 | Val: 0.0701 | AUC: 0.7808 | Best: 0.7819
Epoch  52 | Train: 0.0700 | Val: 0.0696 | AUC: 0.7823 | Best: 0.7823
Epoch  53 | Train: 0.0697 | Val: 0.0694 | AUC: 0.7859 | Best: 0.7859
Epoch  54 | Train: 0.0696 | Val: 0.0697 | AUC: 0.7820 | Best: 0.7859
Epoch  55 | Train: 0.0696 | Val: 0.0703 | AUC: 0.7792 | Best: 0.7859
Epoch  56 | Train: 0.0696 | Val: 0.0694 | AUC: 0.7820 | Best: 0.7859
Epoch  57 | Train: 0.0694 | Val: 0.0702 | AUC: 0.7807 | Best: 0.7859
Epoch  58 | Train: 0.0691 | Val: 0.0710 | AUC: 0.7740 | Best: 0.7859
Epoch  59 | Train: 0.0694 | Val: 0.0709 | AUC: 0.7817 | Best: 0.7859
Epoch  60 | Train: 0.0692 | Val: 0.0699 | AUC: 0.7822 | Best: 0.7859
Epoch  61 | Train: 0.0692 | Val: 0.0702 | AUC: 0.7807 | Best: 0.7859
Epoch  62 | Train: 0.0689 | Val: 0.0700 | AUC: 0.7824 | Best: 0.7859
Epoch  63 | Train: 0.0689 | Val: 0.0710 | AUC: 0.7759 | Best: 0.7859
Epoch  64 | Train: 0.0689 | Val: 0.0696 | AUC: 0.7848 | Best: 0.7859
Epoch  65 | Train: 0.0687 | Val: 0.0703 | AUC: 0.7813 | Best: 0.7859
Epoch  66 | Train: 0.0688 | Val: 0.0698 | AUC: 0.7821 | Best: 0.7859
Epoch  67 | Train: 0.0687 | Val: 0.0696 | AUC: 0.7860 | Best: 0.7860
Epoch  68 | Train: 0.0684 | Val: 0.0703 | AUC: 0.7817 | Best: 0.7860
Epoch  69 | Train: 0.0683 | Val: 0.0703 | AUC: 0.7823 | Best: 0.7860
Epoch  70 | Train: 0.0683 | Val: 0.0703 | AUC: 0.7840 | Best: 0.7860
Epoch  71 | Train: 0.0684 | Val: 0.0708 | AUC: 0.7839 | Best: 0.7860
Epoch  72 | Train: 0.0680 | Val: 0.0711 | AUC: 0.7788 | Best: 0.7860
Epoch  73 | Train: 0.0683 | Val: 0.0708 | AUC: 0.7803 | Best: 0.7860
Epoch  74 | Train: 0.0681 | Val: 0.0705 | AUC: 0.7834 | Best: 0.7860
Epoch  75 | Train: 0.0678 | Val: 0.0701 | AUC: 0.7827 | Best: 0.7860
Epoch  76 | Train: 0.0680 | Val: 0.0706 | AUC: 0.7807 | Best: 0.7860
Epoch  77 | Train: 0.0677 | Val: 0.0705 | AUC: 0.7820 | Best: 0.7860
Epoch  78 | Train: 0.0676 | Val: 0.0698 | AUC: 0.7830 | Best: 0.7860
Epoch  79 | Train: 0.0676 | Val: 0.0713 | AUC: 0.7819 | Best: 0.7860
Epoch  80 | Train: 0.0678 | Val: 0.0703 | AUC: 0.7811 | Best: 0.7860
Epoch  81 | Train: 0.0674 | Val: 0.0717 | AUC: 0.7791 | Best: 0.7860
Epoch  82 | Train: 0.0675 | Val: 0.0702 | AUC: 0.7821 | Best: 0.7860
Epoch  83 | Train: 0.0676 | Val: 0.0711 | AUC: 0.7792 | Best: 0.7860
Epoch  84 | Train: 0.0670 | Val: 0.0707 | AUC: 0.7811 | Best: 0.7860
Epoch  85 | Train: 0.0676 | Val: 0.0705 | AUC: 0.7844 | Best: 0.7860
Epoch  86 | Train: 0.0671 | Val: 0.0704 | AUC: 0.7810 | Best: 0.7860
Epoch  87 | Train: 0.0668 | Val: 0.0711 | AUC: 0.7832 | Best: 0.7860
Epoch  88 | Train: 0.0667 | Val: 0.0720 | AUC: 0.7806 | Best: 0.7860
Epoch  89 | Train: 0.0667 | Val: 0.0714 | AUC: 0.7787 | Best: 0.7860
Epoch  90 | Train: 0.0669 | Val: 0.0712 | AUC: 0.7822 | Best: 0.7860
Epoch  91 | Train: 0.0669 | Val: 0.0712 | AUC: 0.7832 | Best: 0.7860
Epoch  92 | Train: 0.0668 | Val: 0.0720 | AUC: 0.7803 | Best: 0.7860
Epoch  93 | Train: 0.0669 | Val: 0.0713 | AUC: 0.7808 | Best: 0.7860
Epoch  94 | Train: 0.0668 | Val: 0.0713 | AUC: 0.7823 | Best: 0.7860
Epoch  95 | Train: 0.0667 | Val: 0.0719 | AUC: 0.7827 | Best: 0.7860
Epoch  96 | Train: 0.0664 | Val: 0.0719 | AUC: 0.7797 | Best: 0.7860
Epoch  97 | Train: 0.0666 | Val: 0.0723 | AUC: 0.7833 | Best: 0.7860
Epoch  98 | Train: 0.0666 | Val: 0.0716 | AUC: 0.7809 | Best: 0.7860
Epoch  99 | Train: 0.0662 | Val: 0.0719 | AUC: 0.7832 | Best: 0.7860
Epoch 100 | Train: 0.0662 | Val: 0.0715 | AUC: 0.7819 | Best: 0.7860
Epoch 101 | Train: 0.0662 | Val: 0.0715 | AUC: 0.7807 | Best: 0.7860
Epoch 102 | Train: 0.0663 | Val: 0.0714 | AUC: 0.7833 | Best: 0.7860
Epoch 103 | Train: 0.0660 | Val: 0.0717 | AUC: 0.7807 | Best: 0.7860
Epoch 104 | Train: 0.0661 | Val: 0.0712 | AUC: 0.7830 | Best: 0.7860
Epoch 105 | Train: 0.0661 | Val: 0.0718 | AUC: 0.7827 | Best: 0.7860
Epoch 106 | Train: 0.0659 | Val: 0.0725 | AUC: 0.7819 | Best: 0.7860
Epoch 107 | Train: 0.0658 | Val: 0.0718 | AUC: 0.7833 | Best: 0.7860
Early stopping at epoch 107 (best epoch 67)

Best val AUC: 0.7860 (epoch 67)
Saved model, scaler, and plot to /mnt/scratch/baburish/doublepulse/gnn/Analysis/trained_model/GAT_0p3dropout_weightdecay5e4_64batchsize_focalloss3p0/
