Geometry: 5160 DOMs, KDTree built
Loading cached dataset: dataset_cache/dataset_3a7b931e3711.pt
Split data:  train: 35740  val: 6308
Device: cuda
Epoch   1 | Train: 0.3341 | Val: 0.1742 | AUC: 0.5077 | Best: 0.5077
Epoch   2 | Train: 0.1735 | Val: 0.1732 | AUC: 0.5163 | Best: 0.5163
Epoch   3 | Train: 0.1734 | Val: 0.1728 | AUC: 0.5386 | Best: 0.5386
Epoch   4 | Train: 0.1730 | Val: 0.1728 | AUC: 0.5432 | Best: 0.5432
Epoch   5 | Train: 0.1726 | Val: 0.1726 | AUC: 0.5500 | Best: 0.5500
Epoch   6 | Train: 0.1725 | Val: 0.1731 | AUC: 0.5488 | Best: 0.5500
Epoch   7 | Train: 0.1721 | Val: 0.1717 | AUC: 0.5796 | Best: 0.5796
Epoch   8 | Train: 0.1706 | Val: 0.1675 | AUC: 0.6023 | Best: 0.6023
Epoch   9 | Train: 0.1655 | Val: 0.1628 | AUC: 0.6564 | Best: 0.6564
Epoch  10 | Train: 0.1624 | Val: 0.1612 | AUC: 0.6815 | Best: 0.6815
Epoch  11 | Train: 0.1618 | Val: 0.1573 | AUC: 0.6935 | Best: 0.6935
Epoch  12 | Train: 0.1594 | Val: 0.1544 | AUC: 0.7111 | Best: 0.7111
Epoch  13 | Train: 0.1573 | Val: 0.1524 | AUC: 0.7281 | Best: 0.7281
Epoch  14 | Train: 0.1563 | Val: 0.1501 | AUC: 0.7369 | Best: 0.7369
Epoch  15 | Train: 0.1553 | Val: 0.1487 | AUC: 0.7401 | Best: 0.7401
Epoch  16 | Train: 0.1548 | Val: 0.1506 | AUC: 0.7388 | Best: 0.7401
Epoch  17 | Train: 0.1539 | Val: 0.1502 | AUC: 0.7432 | Best: 0.7432
Epoch  18 | Train: 0.1532 | Val: 0.1507 | AUC: 0.7436 | Best: 0.7436
Epoch  19 | Train: 0.1524 | Val: 0.1472 | AUC: 0.7496 | Best: 0.7496
Epoch  20 | Train: 0.1518 | Val: 0.1479 | AUC: 0.7443 | Best: 0.7496
Epoch  21 | Train: 0.1511 | Val: 0.1462 | AUC: 0.7463 | Best: 0.7496
Epoch  22 | Train: 0.1506 | Val: 0.1492 | AUC: 0.7456 | Best: 0.7496
Epoch  23 | Train: 0.1506 | Val: 0.1444 | AUC: 0.7604 | Best: 0.7604
Epoch  24 | Train: 0.1500 | Val: 0.1461 | AUC: 0.7567 | Best: 0.7604
Epoch  25 | Train: 0.1489 | Val: 0.1446 | AUC: 0.7588 | Best: 0.7604
Epoch  26 | Train: 0.1480 | Val: 0.1451 | AUC: 0.7561 | Best: 0.7604
Epoch  27 | Train: 0.1475 | Val: 0.1438 | AUC: 0.7609 | Best: 0.7609
Epoch  28 | Train: 0.1472 | Val: 0.1433 | AUC: 0.7626 | Best: 0.7626
Epoch  29 | Train: 0.1474 | Val: 0.1459 | AUC: 0.7592 | Best: 0.7626
Epoch  30 | Train: 0.1462 | Val: 0.1425 | AUC: 0.7656 | Best: 0.7656
Epoch  31 | Train: 0.1449 | Val: 0.1462 | AUC: 0.7641 | Best: 0.7656
Epoch  32 | Train: 0.1450 | Val: 0.1493 | AUC: 0.7513 | Best: 0.7656
Epoch  33 | Train: 0.1448 | Val: 0.1439 | AUC: 0.7647 | Best: 0.7656
Epoch  34 | Train: 0.1439 | Val: 0.1456 | AUC: 0.7630 | Best: 0.7656
Epoch  35 | Train: 0.1439 | Val: 0.1424 | AUC: 0.7669 | Best: 0.7669
Epoch  36 | Train: 0.1431 | Val: 0.1427 | AUC: 0.7653 | Best: 0.7669
Epoch  37 | Train: 0.1429 | Val: 0.1432 | AUC: 0.7634 | Best: 0.7669
Epoch  38 | Train: 0.1428 | Val: 0.1466 | AUC: 0.7605 | Best: 0.7669
Epoch  39 | Train: 0.1426 | Val: 0.1438 | AUC: 0.7628 | Best: 0.7669
Epoch  40 | Train: 0.1420 | Val: 0.1434 | AUC: 0.7696 | Best: 0.7696
Epoch  41 | Train: 0.1424 | Val: 0.1422 | AUC: 0.7698 | Best: 0.7698
Epoch  42 | Train: 0.1418 | Val: 0.1404 | AUC: 0.7710 | Best: 0.7710
Epoch  43 | Train: 0.1419 | Val: 0.1404 | AUC: 0.7724 | Best: 0.7724
Epoch  44 | Train: 0.1410 | Val: 0.1430 | AUC: 0.7717 | Best: 0.7724
Epoch  45 | Train: 0.1408 | Val: 0.1421 | AUC: 0.7695 | Best: 0.7724
Epoch  46 | Train: 0.1404 | Val: 0.1411 | AUC: 0.7751 | Best: 0.7751
Epoch  47 | Train: 0.1403 | Val: 0.1416 | AUC: 0.7741 | Best: 0.7751
Epoch  48 | Train: 0.1402 | Val: 0.1433 | AUC: 0.7627 | Best: 0.7751
Epoch  49 | Train: 0.1401 | Val: 0.1429 | AUC: 0.7689 | Best: 0.7751
Epoch  50 | Train: 0.1399 | Val: 0.1406 | AUC: 0.7706 | Best: 0.7751
Epoch  51 | Train: 0.1399 | Val: 0.1403 | AUC: 0.7733 | Best: 0.7751
Epoch  52 | Train: 0.1394 | Val: 0.1402 | AUC: 0.7739 | Best: 0.7751
Epoch  53 | Train: 0.1393 | Val: 0.1424 | AUC: 0.7714 | Best: 0.7751
Epoch  54 | Train: 0.1392 | Val: 0.1415 | AUC: 0.7734 | Best: 0.7751
Epoch  55 | Train: 0.1392 | Val: 0.1405 | AUC: 0.7737 | Best: 0.7751
Epoch  56 | Train: 0.1394 | Val: 0.1404 | AUC: 0.7754 | Best: 0.7754
Epoch  57 | Train: 0.1391 | Val: 0.1446 | AUC: 0.7705 | Best: 0.7754
Epoch  58 | Train: 0.1389 | Val: 0.1417 | AUC: 0.7698 | Best: 0.7754
Epoch  59 | Train: 0.1386 | Val: 0.1404 | AUC: 0.7752 | Best: 0.7754
Epoch  60 | Train: 0.1384 | Val: 0.1419 | AUC: 0.7736 | Best: 0.7754
Epoch  61 | Train: 0.1389 | Val: 0.1414 | AUC: 0.7705 | Best: 0.7754
Epoch  62 | Train: 0.1384 | Val: 0.1393 | AUC: 0.7768 | Best: 0.7768
Epoch  63 | Train: 0.1375 | Val: 0.1400 | AUC: 0.7759 | Best: 0.7768
Epoch  64 | Train: 0.1380 | Val: 0.1428 | AUC: 0.7743 | Best: 0.7768
Epoch  65 | Train: 0.1375 | Val: 0.1410 | AUC: 0.7758 | Best: 0.7768
Epoch  66 | Train: 0.1381 | Val: 0.1422 | AUC: 0.7746 | Best: 0.7768
Epoch  67 | Train: 0.1371 | Val: 0.1410 | AUC: 0.7771 | Best: 0.7771
Epoch  68 | Train: 0.1377 | Val: 0.1393 | AUC: 0.7766 | Best: 0.7771
Epoch  69 | Train: 0.1370 | Val: 0.1427 | AUC: 0.7725 | Best: 0.7771
Epoch  70 | Train: 0.1371 | Val: 0.1413 | AUC: 0.7756 | Best: 0.7771
Epoch  71 | Train: 0.1365 | Val: 0.1400 | AUC: 0.7772 | Best: 0.7772
Epoch  72 | Train: 0.1364 | Val: 0.1412 | AUC: 0.7729 | Best: 0.7772
Epoch  73 | Train: 0.1362 | Val: 0.1423 | AUC: 0.7720 | Best: 0.7772
Epoch  74 | Train: 0.1367 | Val: 0.1408 | AUC: 0.7756 | Best: 0.7772
Epoch  75 | Train: 0.1367 | Val: 0.1407 | AUC: 0.7765 | Best: 0.7772
Epoch  76 | Train: 0.1366 | Val: 0.1424 | AUC: 0.7723 | Best: 0.7772
Epoch  77 | Train: 0.1352 | Val: 0.1426 | AUC: 0.7719 | Best: 0.7772
Epoch  78 | Train: 0.1359 | Val: 0.1406 | AUC: 0.7755 | Best: 0.7772
Epoch  79 | Train: 0.1358 | Val: 0.1423 | AUC: 0.7745 | Best: 0.7772
Epoch  80 | Train: 0.1355 | Val: 0.1425 | AUC: 0.7721 | Best: 0.7772
Epoch  81 | Train: 0.1350 | Val: 0.1424 | AUC: 0.7735 | Best: 0.7772
Epoch  82 | Train: 0.1346 | Val: 0.1411 | AUC: 0.7741 | Best: 0.7772
Epoch  83 | Train: 0.1351 | Val: 0.1419 | AUC: 0.7753 | Best: 0.7772
Epoch  84 | Train: 0.1344 | Val: 0.1417 | AUC: 0.7751 | Best: 0.7772
Epoch  85 | Train: 0.1352 | Val: 0.1400 | AUC: 0.7801 | Best: 0.7801
Epoch  86 | Train: 0.1349 | Val: 0.1415 | AUC: 0.7753 | Best: 0.7801
Epoch  87 | Train: 0.1338 | Val: 0.1426 | AUC: 0.7765 | Best: 0.7801
Epoch  88 | Train: 0.1345 | Val: 0.1414 | AUC: 0.7722 | Best: 0.7801
Epoch  89 | Train: 0.1341 | Val: 0.1402 | AUC: 0.7761 | Best: 0.7801
Epoch  90 | Train: 0.1345 | Val: 0.1415 | AUC: 0.7775 | Best: 0.7801
Epoch  91 | Train: 0.1342 | Val: 0.1411 | AUC: 0.7742 | Best: 0.7801
Epoch  92 | Train: 0.1349 | Val: 0.1432 | AUC: 0.7725 | Best: 0.7801
Epoch  93 | Train: 0.1344 | Val: 0.1392 | AUC: 0.7790 | Best: 0.7801
Epoch  94 | Train: 0.1340 | Val: 0.1424 | AUC: 0.7757 | Best: 0.7801
Epoch  95 | Train: 0.1341 | Val: 0.1419 | AUC: 0.7739 | Best: 0.7801
Epoch  96 | Train: 0.1334 | Val: 0.1417 | AUC: 0.7756 | Best: 0.7801
Epoch  97 | Train: 0.1330 | Val: 0.1421 | AUC: 0.7756 | Best: 0.7801
Epoch  98 | Train: 0.1334 | Val: 0.1442 | AUC: 0.7712 | Best: 0.7801
Epoch  99 | Train: 0.1328 | Val: 0.1414 | AUC: 0.7787 | Best: 0.7801
Epoch 100 | Train: 0.1335 | Val: 0.1432 | AUC: 0.7739 | Best: 0.7801
Epoch 101 | Train: 0.1336 | Val: 0.1419 | AUC: 0.7756 | Best: 0.7801
Epoch 102 | Train: 0.1329 | Val: 0.1419 | AUC: 0.7768 | Best: 0.7801
Epoch 103 | Train: 0.1323 | Val: 0.1463 | AUC: 0.7728 | Best: 0.7801
Epoch 104 | Train: 0.1332 | Val: 0.1401 | AUC: 0.7789 | Best: 0.7801
Epoch 105 | Train: 0.1329 | Val: 0.1429 | AUC: 0.7749 | Best: 0.7801
Epoch 106 | Train: 0.1330 | Val: 0.1423 | AUC: 0.7763 | Best: 0.7801
Epoch 107 | Train: 0.1325 | Val: 0.1413 | AUC: 0.7782 | Best: 0.7801
Epoch 108 | Train: 0.1329 | Val: 0.1413 | AUC: 0.7782 | Best: 0.7801
Epoch 109 | Train: 0.1329 | Val: 0.1419 | AUC: 0.7770 | Best: 0.7801
Epoch 110 | Train: 0.1327 | Val: 0.1427 | AUC: 0.7770 | Best: 0.7801
Epoch 111 | Train: 0.1321 | Val: 0.1418 | AUC: 0.7775 | Best: 0.7801
Epoch 112 | Train: 0.1321 | Val: 0.1416 | AUC: 0.7767 | Best: 0.7801
Epoch 113 | Train: 0.1323 | Val: 0.1410 | AUC: 0.7797 | Best: 0.7801
Epoch 114 | Train: 0.1322 | Val: 0.1419 | AUC: 0.7769 | Best: 0.7801
Epoch 115 | Train: 0.1322 | Val: 0.1406 | AUC: 0.7779 | Best: 0.7801
Epoch 116 | Train: 0.1320 | Val: 0.1426 | AUC: 0.7770 | Best: 0.7801
Epoch 117 | Train: 0.1325 | Val: 0.1419 | AUC: 0.7756 | Best: 0.7801
Epoch 118 | Train: 0.1322 | Val: 0.1437 | AUC: 0.7764 | Best: 0.7801
Epoch 119 | Train: 0.1319 | Val: 0.1417 | AUC: 0.7776 | Best: 0.7801
Epoch 120 | Train: 0.1321 | Val: 0.1406 | AUC: 0.7778 | Best: 0.7801
Epoch 121 | Train: 0.1317 | Val: 0.1421 | AUC: 0.7768 | Best: 0.7801
Epoch 122 | Train: 0.1315 | Val: 0.1436 | AUC: 0.7757 | Best: 0.7801
Epoch 123 | Train: 0.1313 | Val: 0.1430 | AUC: 0.7768 | Best: 0.7801
Epoch 124 | Train: 0.1319 | Val: 0.1440 | AUC: 0.7761 | Best: 0.7801
Epoch 125 | Train: 0.1317 | Val: 0.1409 | AUC: 0.7780 | Best: 0.7801
Early stopping at epoch 125 (best epoch 85)

Best val AUC: 0.7801 (epoch 85)
Saved model, scaler, and plot to /mnt/scratch/baburish/doublepulse/gnn/Analysis/trained_model/GAT_0p3dropout_weightdecay5e4_64batchsize_focalloss2p0/
