Geometry: 5160 DOMs, KDTree built
Loading cached dataset: /mnt/scratch/baburish/doublepulse/gnn/Analysis/dataset_cache/dataset_3a7b931e3711.pt
Split data:  train: 47357  val: 8358
Device: cuda
Epoch   1 | Train: 1.0119 | Val: 0.8511 | AUC: 0.5688 | Best: 0.5688
Epoch   2 | Train: 0.8533 | Val: 0.8221 | AUC: 0.5955 | Best: 0.5955
Epoch   3 | Train: 0.8379 | Val: 0.8339 | AUC: 0.6113 | Best: 0.6113
Epoch   4 | Train: 0.8253 | Val: 0.7898 | AUC: 0.6554 | Best: 0.6554
Epoch   5 | Train: 0.8206 | Val: 0.7814 | AUC: 0.6652 | Best: 0.6652
Epoch   6 | Train: 0.8102 | Val: 0.7709 | AUC: 0.6918 | Best: 0.6918
Epoch   7 | Train: 0.8000 | Val: 0.7598 | AUC: 0.7075 | Best: 0.7075
Epoch   8 | Train: 0.7847 | Val: 0.7591 | AUC: 0.7134 | Best: 0.7134
Epoch   9 | Train: 0.7814 | Val: 0.7392 | AUC: 0.7361 | Best: 0.7361
Epoch  10 | Train: 0.7763 | Val: 0.7293 | AUC: 0.7501 | Best: 0.7501
Epoch  11 | Train: 0.7692 | Val: 0.7386 | AUC: 0.7435 | Best: 0.7501
Epoch  12 | Train: 0.7662 | Val: 0.7239 | AUC: 0.7532 | Best: 0.7532
Epoch  13 | Train: 0.7586 | Val: 0.7173 | AUC: 0.7586 | Best: 0.7586
Epoch  14 | Train: 0.7510 | Val: 0.7170 | AUC: 0.7556 | Best: 0.7586
Epoch  15 | Train: 0.7495 | Val: 0.7145 | AUC: 0.7605 | Best: 0.7605
Epoch  16 | Train: 0.7469 | Val: 0.7149 | AUC: 0.7627 | Best: 0.7627
Epoch  17 | Train: 0.7430 | Val: 0.7160 | AUC: 0.7636 | Best: 0.7636
Epoch  18 | Train: 0.7406 | Val: 0.7079 | AUC: 0.7671 | Best: 0.7671
Epoch  19 | Train: 0.7407 | Val: 0.7084 | AUC: 0.7685 | Best: 0.7685
Epoch  20 | Train: 0.7397 | Val: 0.7344 | AUC: 0.7455 | Best: 0.7685
Epoch  21 | Train: 0.7350 | Val: 0.7152 | AUC: 0.7639 | Best: 0.7685
Epoch  22 | Train: 0.7333 | Val: 0.7364 | AUC: 0.7554 | Best: 0.7685
Epoch  23 | Train: 0.7325 | Val: 0.7165 | AUC: 0.7574 | Best: 0.7685
Epoch  24 | Train: 0.7314 | Val: 0.7163 | AUC: 0.7681 | Best: 0.7685
Epoch  25 | Train: 0.7292 | Val: 0.6982 | AUC: 0.7752 | Best: 0.7752
Epoch  26 | Train: 0.7262 | Val: 0.6939 | AUC: 0.7731 | Best: 0.7752
Epoch  27 | Train: 0.7271 | Val: 0.6884 | AUC: 0.7746 | Best: 0.7752
Epoch  28 | Train: 0.7242 | Val: 0.6979 | AUC: 0.7700 | Best: 0.7752
Epoch  29 | Train: 0.7159 | Val: 0.7337 | AUC: 0.7584 | Best: 0.7752
Epoch  30 | Train: 0.7148 | Val: 0.7168 | AUC: 0.7615 | Best: 0.7752
Epoch  31 | Train: 0.7143 | Val: 0.7078 | AUC: 0.7651 | Best: 0.7752
Epoch  32 | Train: 0.7110 | Val: 0.6788 | AUC: 0.7808 | Best: 0.7808
Epoch  33 | Train: 0.7117 | Val: 0.6877 | AUC: 0.7771 | Best: 0.7808
Epoch  34 | Train: 0.7096 | Val: 0.6802 | AUC: 0.7795 | Best: 0.7808
Epoch  35 | Train: 0.7075 | Val: 0.6753 | AUC: 0.7820 | Best: 0.7820
Epoch  36 | Train: 0.7052 | Val: 0.6890 | AUC: 0.7804 | Best: 0.7820
Epoch  37 | Train: 0.7101 | Val: 0.7057 | AUC: 0.7743 | Best: 0.7820
Epoch  38 | Train: 0.7027 | Val: 0.6816 | AUC: 0.7792 | Best: 0.7820
Epoch  39 | Train: 0.7031 | Val: 0.6769 | AUC: 0.7833 | Best: 0.7833
Epoch  40 | Train: 0.7031 | Val: 0.6873 | AUC: 0.7833 | Best: 0.7833
Epoch  41 | Train: 0.7031 | Val: 0.6972 | AUC: 0.7760 | Best: 0.7833
Epoch  42 | Train: 0.6989 | Val: 0.6734 | AUC: 0.7872 | Best: 0.7872
Epoch  43 | Train: 0.7028 | Val: 0.6988 | AUC: 0.7787 | Best: 0.7872
Epoch  44 | Train: 0.6976 | Val: 0.6733 | AUC: 0.7870 | Best: 0.7872
Epoch  45 | Train: 0.6991 | Val: 0.6740 | AUC: 0.7849 | Best: 0.7872
Epoch  46 | Train: 0.6941 | Val: 0.6785 | AUC: 0.7834 | Best: 0.7872
Epoch  47 | Train: 0.6909 | Val: 0.6828 | AUC: 0.7825 | Best: 0.7872
Epoch  48 | Train: 0.6932 | Val: 0.6720 | AUC: 0.7883 | Best: 0.7883
Epoch  49 | Train: 0.6881 | Val: 0.6918 | AUC: 0.7816 | Best: 0.7883
Epoch  50 | Train: 0.6846 | Val: 0.6732 | AUC: 0.7868 | Best: 0.7883
Epoch  51 | Train: 0.6867 | Val: 0.6852 | AUC: 0.7807 | Best: 0.7883
Epoch  52 | Train: 0.6817 | Val: 0.6698 | AUC: 0.7877 | Best: 0.7883
Epoch  53 | Train: 0.6793 | Val: 0.6723 | AUC: 0.7869 | Best: 0.7883
Epoch  54 | Train: 0.6797 | Val: 0.6797 | AUC: 0.7823 | Best: 0.7883
Epoch  55 | Train: 0.6802 | Val: 0.6866 | AUC: 0.7813 | Best: 0.7883
Epoch  56 | Train: 0.6812 | Val: 0.6858 | AUC: 0.7876 | Best: 0.7883
Epoch  57 | Train: 0.6775 | Val: 0.7151 | AUC: 0.7784 | Best: 0.7883
Epoch  58 | Train: 0.6781 | Val: 0.7158 | AUC: 0.7716 | Best: 0.7883
Epoch  59 | Train: 0.6706 | Val: 0.6773 | AUC: 0.7850 | Best: 0.7883
Epoch  60 | Train: 0.6693 | Val: 0.6745 | AUC: 0.7874 | Best: 0.7883
Epoch  61 | Train: 0.6701 | Val: 0.6899 | AUC: 0.7813 | Best: 0.7883
Epoch  62 | Train: 0.6690 | Val: 0.6905 | AUC: 0.7817 | Best: 0.7883
Epoch  63 | Train: 0.6684 | Val: 0.6739 | AUC: 0.7920 | Best: 0.7920
Epoch  64 | Train: 0.6674 | Val: 0.6720 | AUC: 0.7871 | Best: 0.7920
Epoch  65 | Train: 0.6675 | Val: 0.6811 | AUC: 0.7869 | Best: 0.7920
Epoch  66 | Train: 0.6657 | Val: 0.7043 | AUC: 0.7768 | Best: 0.7920
Epoch  67 | Train: 0.6666 | Val: 0.6714 | AUC: 0.7894 | Best: 0.7920
Epoch  68 | Train: 0.6607 | Val: 0.6809 | AUC: 0.7874 | Best: 0.7920
Epoch  69 | Train: 0.6638 | Val: 0.6808 | AUC: 0.7850 | Best: 0.7920
Epoch  70 | Train: 0.6615 | Val: 0.6781 | AUC: 0.7881 | Best: 0.7920
Epoch  71 | Train: 0.6585 | Val: 0.6828 | AUC: 0.7887 | Best: 0.7920
Epoch  72 | Train: 0.6566 | Val: 0.6842 | AUC: 0.7908 | Best: 0.7920
Epoch  73 | Train: 0.6539 | Val: 0.6857 | AUC: 0.7899 | Best: 0.7920
Epoch  74 | Train: 0.6544 | Val: 0.6799 | AUC: 0.7885 | Best: 0.7920
Epoch  75 | Train: 0.6548 | Val: 0.6872 | AUC: 0.7869 | Best: 0.7920
Epoch  76 | Train: 0.6526 | Val: 0.6890 | AUC: 0.7847 | Best: 0.7920
Epoch  77 | Train: 0.6495 | Val: 0.6802 | AUC: 0.7876 | Best: 0.7920
Epoch  78 | Train: 0.6494 | Val: 0.6767 | AUC: 0.7877 | Best: 0.7920
Epoch  79 | Train: 0.6488 | Val: 0.6873 | AUC: 0.7859 | Best: 0.7920
Epoch  80 | Train: 0.6460 | Val: 0.6936 | AUC: 0.7826 | Best: 0.7920
Epoch  81 | Train: 0.6465 | Val: 0.6799 | AUC: 0.7880 | Best: 0.7920
Epoch  82 | Train: 0.6458 | Val: 0.6840 | AUC: 0.7822 | Best: 0.7920
Epoch  83 | Train: 0.6426 | Val: 0.6836 | AUC: 0.7867 | Best: 0.7920
Epoch  84 | Train: 0.6425 | Val: 0.6809 | AUC: 0.7865 | Best: 0.7920
Epoch  85 | Train: 0.6424 | Val: 0.6917 | AUC: 0.7862 | Best: 0.7920
Epoch  86 | Train: 0.6410 | Val: 0.6743 | AUC: 0.7890 | Best: 0.7920
Epoch  87 | Train: 0.6407 | Val: 0.6756 | AUC: 0.7907 | Best: 0.7920
Epoch  88 | Train: 0.6384 | Val: 0.6803 | AUC: 0.7893 | Best: 0.7920
Epoch  89 | Train: 0.6326 | Val: 0.6902 | AUC: 0.7853 | Best: 0.7920
Epoch  90 | Train: 0.6367 | Val: 0.6907 | AUC: 0.7874 | Best: 0.7920
Epoch  91 | Train: 0.6366 | Val: 0.6875 | AUC: 0.7894 | Best: 0.7920
Epoch  92 | Train: 0.6354 | Val: 0.6782 | AUC: 0.7914 | Best: 0.7920
Epoch  93 | Train: 0.6304 | Val: 0.6898 | AUC: 0.7878 | Best: 0.7920
Epoch  94 | Train: 0.6330 | Val: 0.6937 | AUC: 0.7834 | Best: 0.7920
Epoch  95 | Train: 0.6332 | Val: 0.6799 | AUC: 0.7857 | Best: 0.7920
Epoch  96 | Train: 0.6316 | Val: 0.6865 | AUC: 0.7876 | Best: 0.7920
Epoch  97 | Train: 0.6317 | Val: 0.6897 | AUC: 0.7873 | Best: 0.7920
Epoch  98 | Train: 0.6280 | Val: 0.6881 | AUC: 0.7873 | Best: 0.7920
Epoch  99 | Train: 0.6267 | Val: 0.6920 | AUC: 0.7859 | Best: 0.7920
Epoch 100 | Train: 0.6282 | Val: 0.6895 | AUC: 0.7866 | Best: 0.7920
Epoch 101 | Train: 0.6289 | Val: 0.6824 | AUC: 0.7893 | Best: 0.7920
Epoch 102 | Train: 0.6240 | Val: 0.6927 | AUC: 0.7874 | Best: 0.7920
Epoch 103 | Train: 0.6255 | Val: 0.6837 | AUC: 0.7890 | Best: 0.7920
Early stopping at epoch 103 (best epoch 63)

Best val AUC: 0.7920 (epoch 63)
Saved model, scaler, and plot to /mnt/scratch/baburish/doublepulse/gnn/Analysis/trained_model/GAT_0p5dropout_weightdecay5e4/
